2026-05-30 00:04:38 - backend.app - INFO - [logging_config.py:109] - ==================================================
2026-05-30 00:04:38 - backend.app - INFO - [logging_config.py:110] - Logging configured successfully
2026-05-30 00:04:38 - backend.app - INFO - [logging_config.py:111] - Logs directory: /home/alex/Moringa/Project/flex-It/backend/logs
2026-05-30 00:04:38 - backend.app - INFO - [logging_config.py:112] - ==================================================
2026-05-30 13:27:05 - backend.app - INFO - [logging_config.py:109] - ==================================================
2026-05-30 13:27:05 - backend.app - INFO - [logging_config.py:110] - Logging configured successfully
2026-05-30 13:27:05 - backend.app - INFO - [logging_config.py:111] - Logs directory: /home/alex/Moringa/Project/flex-It/backend/logs
2026-05-30 13:27:05 - backend.app - INFO - [logging_config.py:112] - ==================================================
2026-05-30 13:27:13 - backend.app - INFO - [logging_config.py:109] - ==================================================
2026-05-30 13:27:13 - backend.app - INFO - [logging_config.py:110] - Logging configured successfully
2026-05-30 13:27:13 - backend.app - INFO - [logging_config.py:111] - Logs directory: /home/alex/Moringa/Project/flex-It/backend/logs
2026-05-30 13:27:13 - backend.app - INFO - [logging_config.py:112] - ==================================================
2026-05-30 14:49:57 - backend.app - INFO - [logging_config.py:109] - ==================================================
2026-05-30 14:49:57 - backend.app - INFO - [logging_config.py:110] - Logging configured successfully
2026-05-30 14:49:57 - backend.app - INFO - [logging_config.py:111] - Logs directory: /home/alex/Moringa/Project/flex-It/backend/logs
2026-05-30 14:49:57 - backend.app - INFO - [logging_config.py:112] - ==================================================
2026-05-30 14:49:58 - flask_migrate - ERROR - [__init__.py:113] - Error: Directory migrations already exists and is not empty
2026-05-30 14:50:14 - backend.app - INFO - [logging_config.py:109] - ==================================================
2026-05-30 14:50:14 - backend.app - INFO - [logging_config.py:110] - Logging configured successfully
2026-05-30 14:50:14 - backend.app - INFO - [logging_config.py:111] - Logs directory: /home/alex/Moringa/Project/flex-It/backend/logs
2026-05-30 14:50:14 - backend.app - INFO - [logging_config.py:112] - ==================================================
2026-05-30 14:55:14 - backend.app - INFO - [logging_config.py:109] - ==================================================
2026-05-30 14:55:14 - backend.app - INFO - [logging_config.py:110] - Logging configured successfully
2026-05-30 14:55:14 - backend.app - INFO - [logging_config.py:111] - Logs directory: /home/alex/Moringa/Project/flex-It/backend/logs
2026-05-30 14:55:14 - backend.app - INFO - [logging_config.py:112] - ==================================================
2026-05-30 14:55:15 - flask_migrate - ERROR - [__init__.py:113] - Error: Path doesn't exist: migrations.  Please use the 'init' command to create a new scripts folder.
2026-05-30 14:55:29 - backend.app - INFO - [logging_config.py:109] - ==================================================
2026-05-30 14:55:29 - backend.app - INFO - [logging_config.py:110] - Logging configured successfully
2026-05-30 14:55:29 - backend.app - INFO - [logging_config.py:111] - Logs directory: /home/alex/Moringa/Project/flex-It/backend/logs
2026-05-30 14:55:29 - backend.app - INFO - [logging_config.py:112] - ==================================================
2026-05-30 14:55:40 - backend.app - INFO - [logging_config.py:109] - ==================================================
2026-05-30 14:55:40 - backend.app - INFO - [logging_config.py:110] - Logging configured successfully
2026-05-30 14:55:40 - backend.app - INFO - [logging_config.py:111] - Logs directory: /home/alex/Moringa/Project/flex-It/backend/logs
2026-05-30 14:55:40 - backend.app - INFO - [logging_config.py:112] - ==================================================
2026-05-30 14:56:08 - backend.app - INFO - [logging_config.py:109] - ==================================================
2026-05-30 14:56:08 - backend.app - INFO - [logging_config.py:110] - Logging configured successfully
2026-05-30 14:56:08 - backend.app - INFO - [logging_config.py:111] - Logs directory: /home/alex/Moringa/Project/flex-It/backend/logs
2026-05-30 14:56:08 - backend.app - INFO - [logging_config.py:112] - ==================================================
